// Jest Snapshot v1, https://goo.gl/fbAQLP

exports[`Participant Component renders the UI as expected 1`] = `
<div
  className="chatLog"
>
  <div
    className="chatBox"
  >
    <p>
      <em />
       joined the stage
    </p>
  </div>
</div>
`;
